0	http://www.22mm.cc/mm/qingliang/PHabPdCdmdeadmdHe.html
pfrom	page_url
1	http://bbzhi.com/mingxingbizhi/gantingtingmeinvbizhixiazai/wallpaper_169492.htm
2	http://huaban.com/pins/116588809/?md=sougoupicjingxuanl
3	http://www.baozoudawang.com/xh/44488
4	http://bizhi.sogou.com/park/
5	http://product.yesky.com/gshijie/bizhi/314/31116314.shtml
6	http://t.55bbs.com/pin/1827210/
7	http://desk.zol.com.cn/bizhi/161_292_1.html
8	http://wallpaper.pconline.com.cn/pic/6420.html#ad=7239
9	http://www.neihan8.com/pic/25248.html
10	http://www.pengfu.com/content_750248_1.html
11	http://www.mnsfz.com/h/qingchun/09111$141748.html
12	http://www.22mm.cc/mm/qingliang/09106$15431.html
13	http://xiuren.com/u/46254644/taotuDetail/146
14	http://bizhi.sogou.com/detail/info/581003?src=sogousearch
15	http://bizhi.sogou.com/
16	http://bizhi.sogou.com/iphone/detail/143438
18	http://download.pchome.net/wallpaper/info-1908-1-1.html
19	http://download.pchome.net/wallpaper/info-2049-1-1.html
20	http://photo.xgo.com.cn/girl/11887_1729061.html
21	http://photo.xgo.com.cn/walls/11881_1728148.html
22	http://www.gaoxiaotu8.com/mntp/qc/4640.html
23	http://www.zuijiawang.com/haokan/gaoxiao/21240.html
24	http://baozou.com/articles/15841087
31	http://news.17173.com/chinajoy/2014/page-showgirl-con.html?id=535#ad-image0
32	http://pinge.focus.cn/z/59406
33	http://tu.17173.com/album/detail-2844.html#ad-image3
34	http://jutugu.com/a/648.html
35	http://pic.yesky.com/367/47017367_7.shtml
36	http://xiaohua.zol.com.cn/detail21/20154.html
37	http://jutugu.com/a/2802.html
39	http://www.4493.com/mingxingxiezhen/4/1.htm
40	http://www.xiaodaimeng.net/meituikong/27.html
42	http://jutugu.com/a/3623_3.html
43	http://bizhi.4493.com/image/11.html
44	http://www.4493.com/mingxingxiezhen/30006/1.htm
45	http://www.shaimn.com/view/1604_8.html
46	http://jutugu.com/a/4159_15.html
47	http://www.huabian.com/binzhi/2015/0507/42019.html?utm_source=sougoutu&amp;utm_medium=cpc&amp;utm_campaign=sougoutu
48	http://www.huabian.com/binzhi/2015/0506/42001.html?utm_source=sougoutu&amp;utm_medium=cpc&amp;utm_campaign=sougoutu
49	http://www.shaimn.com/view/2564_20.html
50	http://pic.yesky.com/346/43669346_20.shtml
98	http://www.zhuoku.com/zhuomianbizhi/show-fengjingcn/20061123221243(6).htm
99	http://product.yesky.com/gshijie/bizhi/77/35079577_25.shtml
